../source/router_eligible_device_app.c:540:13:APP_ThrNwkJoin	8	static
../source/router_eligible_device_app.c:812:13:APP_JoinEventsHandler	8	static
../source/router_eligible_device_app.c:558:13:App_JoinTimerCallback	8	static
../source/router_eligible_device_app.c:693:13:APP_AppModeHandleKeyboard	8	static
../source/router_eligible_device_app.c:788:13:App_UpdateStateLeds	8	static
../source/router_eligible_device_app.c:579:13:APP_ConfigModeSwShortPressHandler	8	static
../source/router_eligible_device_app.c:650:13:APP_ConfigModeHandleKeyboard	8	static
../source/router_eligible_device_app.c:762:13:App_HandleKeyboard	8	static
../source/router_eligible_device_app.c:1415:13:App_RestoreLeaderLed	8	static
../source/router_eligible_device_app.c:1148:13:APP_LocalDataSinkRelease	24	static
../source/router_eligible_device_app.c:947:20:APP_SendDataSinkCommand	32	static
../source/router_eligible_device_app.c:998:13:APP_SendDataSinkRelease	24	static
../source/router_eligible_device_app.c:860:13:APP_CoapGenericCallback	8	static
../source/router_eligible_device_app.c:1376:13:APP_CoapSinkCb	16	static
../source/router_eligible_device_app.c:1201:13:APP_ProcessLedCmd	24	static
../source/router_eligible_device_app.c:1022:13:APP_SendLedCommand	24	static
../source/router_eligible_device_app.c:1130:13:APP_SendLedColorWheel	32	static
../source/router_eligible_device_app.c:1113:13:APP_SendLedFlash	16	static
../source/router_eligible_device_app.c:1096:13:APP_SendLedRgbOff	40	static
../source/router_eligible_device_app.c:1171:13:APP_CoapLedCb	16	static
../source/router_eligible_device_app.c:1065:13:APP_SendLedRgbOn	56	static
../source/router_eligible_device_app.c:898:13:APP_ReportTemp	24	static
../source/router_eligible_device_app.c:976:13:APP_SendDataSinkCreate	16	static
../source/router_eligible_device_app.c:514:13:APP_InitCoapDemo	80	static
../source/router_eligible_device_app.c:1305:13:APP_CoapTempCb	88	static
../source/router_eligible_device_app.c:206:6:APP_Init	16	static
../source/router_eligible_device_app.c:269:6:APP_Handler	8	static
../source/router_eligible_device_app.c:294:6:APP_NwkScanHandler	16	static
../source/router_eligible_device_app.c:320:6:Stack_to_APP_Handler	16	static
../source/router_eligible_device_app.c:428:6:APP_Commissioning_Handler	72	static
../source/router_eligible_device_app.c:498:6:App_RestoreLeaderLedCb	8	static
