../source/router_eligible_device_app.c:1429:6:counter	0	static
../source/router_eligible_device_app.c:544:13:APP_ThrNwkJoin	8	static
../source/router_eligible_device_app.c:816:13:APP_JoinEventsHandler	8	static
../source/router_eligible_device_app.c:562:13:App_JoinTimerCallback	8	static
../source/router_eligible_device_app.c:697:13:APP_AppModeHandleKeyboard	8	static
../source/router_eligible_device_app.c:792:13:App_UpdateStateLeds	8	static
../source/router_eligible_device_app.c:583:13:APP_ConfigModeSwShortPressHandler	8	static
../source/router_eligible_device_app.c:654:13:APP_ConfigModeHandleKeyboard	8	static
../source/router_eligible_device_app.c:766:13:App_HandleKeyboard	8	static
../source/router_eligible_device_app.c:1419:13:App_RestoreLeaderLed	8	static
../source/router_eligible_device_app.c:1152:13:APP_LocalDataSinkRelease	24	static
../source/router_eligible_device_app.c:951:20:APP_SendDataSinkCommand	32	static
../source/router_eligible_device_app.c:1002:13:APP_SendDataSinkRelease	24	static
../source/router_eligible_device_app.c:864:13:APP_CoapGenericCallback	8	static
../source/router_eligible_device_app.c:1380:13:APP_CoapSinkCb	16	static
../source/router_eligible_device_app.c:1205:13:APP_ProcessLedCmd	24	static
../source/router_eligible_device_app.c:1026:13:APP_SendLedCommand	24	static
../source/router_eligible_device_app.c:1134:13:APP_SendLedColorWheel	32	static
../source/router_eligible_device_app.c:1117:13:APP_SendLedFlash	16	static
../source/router_eligible_device_app.c:1100:13:APP_SendLedRgbOff	40	static
../source/router_eligible_device_app.c:1175:13:APP_CoapLedCb	16	static
../source/router_eligible_device_app.c:1069:13:APP_SendLedRgbOn	56	static
../source/router_eligible_device_app.c:902:13:APP_ReportTemp	24	static
../source/router_eligible_device_app.c:980:13:APP_SendDataSinkCreate	16	static
../source/router_eligible_device_app.c:517:13:APP_InitCoapDemo	88	static
../source/router_eligible_device_app.c:1309:13:APP_CoapTempCb	88	static
../source/router_eligible_device_app.c:208:6:APP_Init	16	static
../source/router_eligible_device_app.c:271:6:APP_Handler	8	static
../source/router_eligible_device_app.c:296:6:APP_NwkScanHandler	16	static
../source/router_eligible_device_app.c:322:6:Stack_to_APP_Handler	16	static
../source/router_eligible_device_app.c:430:6:APP_Commissioning_Handler	72	static
../source/router_eligible_device_app.c:501:6:App_RestoreLeaderLedCb	8	static
../source/router_eligible_device_app.c:1451:7:App_GetTimeDataString	32	static
../source/router_eligible_device_app.c:1483:13:APP_CoapTeam1	64	static
