../source/router_eligible_device_app.c:1570:6:counter_increase	0	static
../source/router_eligible_device_app.c:594:13:APP_ThrNwkJoin	8	static
../source/router_eligible_device_app.c:866:13:APP_JoinEventsHandler	8	static
../source/router_eligible_device_app.c:612:13:App_JoinTimerCallback	8	static
../source/router_eligible_device_app.c:747:13:APP_AppModeHandleKeyboard	8	static
../source/router_eligible_device_app.c:842:13:App_UpdateStateLeds	8	static
../source/router_eligible_device_app.c:633:13:APP_ConfigModeSwShortPressHandler	8	static
../source/router_eligible_device_app.c:704:13:APP_ConfigModeHandleKeyboard	8	static
../source/router_eligible_device_app.c:816:13:App_HandleKeyboard	8	static
../source/router_eligible_device_app.c:1469:13:App_RestoreLeaderLed	8	static
../source/router_eligible_device_app.c:1202:13:APP_LocalDataSinkRelease	24	static
../source/router_eligible_device_app.c:1001:20:APP_SendDataSinkCommand	32	static
../source/router_eligible_device_app.c:1052:13:APP_SendDataSinkRelease	24	static
../source/router_eligible_device_app.c:914:13:APP_CoapGenericCallback	8	static
../source/router_eligible_device_app.c:1430:13:APP_CoapSinkCb	16	static
../source/router_eligible_device_app.c:1255:13:APP_ProcessLedCmd	24	static
../source/router_eligible_device_app.c:1076:13:APP_SendLedCommand	24	static
../source/router_eligible_device_app.c:1184:13:APP_SendLedColorWheel	32	static
../source/router_eligible_device_app.c:1167:13:APP_SendLedFlash	16	static
../source/router_eligible_device_app.c:1150:13:APP_SendLedRgbOff	40	static
../source/router_eligible_device_app.c:1225:13:APP_CoapLedCb	16	static
../source/router_eligible_device_app.c:1119:13:APP_SendLedRgbOn	56	static
../source/router_eligible_device_app.c:952:13:APP_ReportTemp	24	static
../source/router_eligible_device_app.c:1030:13:APP_SendDataSinkCreate	16	static
../source/router_eligible_device_app.c:566:13:APP_InitCoapDemo	88	static
../source/router_eligible_device_app.c:496:13:APP_CoapTeam1	32	static
../source/router_eligible_device_app.c:1359:13:APP_CoapTempCb	88	static
../source/router_eligible_device_app.c:194:6:APP_Init	16	static
../source/router_eligible_device_app.c:259:6:APP_Handler	8	static
../source/router_eligible_device_app.c:284:6:APP_NwkScanHandler	16	static
../source/router_eligible_device_app.c:310:6:Stack_to_APP_Handler	16	static
../source/router_eligible_device_app.c:420:6:APP_Commissioning_Handler	72	static
../source/router_eligible_device_app.c:488:6:App_RestoreLeaderLedCb	8	static
