../source/router_eligible_device_app.c:1426:6:counter	0	static
../source/router_eligible_device_app.c:541:13:APP_ThrNwkJoin	8	static
../source/router_eligible_device_app.c:813:13:APP_JoinEventsHandler	8	static
../source/router_eligible_device_app.c:559:13:App_JoinTimerCallback	8	static
../source/router_eligible_device_app.c:694:13:APP_AppModeHandleKeyboard	8	static
../source/router_eligible_device_app.c:789:13:App_UpdateStateLeds	8	static
../source/router_eligible_device_app.c:580:13:APP_ConfigModeSwShortPressHandler	8	static
../source/router_eligible_device_app.c:651:13:APP_ConfigModeHandleKeyboard	8	static
../source/router_eligible_device_app.c:763:13:App_HandleKeyboard	8	static
../source/router_eligible_device_app.c:1416:13:App_RestoreLeaderLed	8	static
../source/router_eligible_device_app.c:1149:13:APP_LocalDataSinkRelease	24	static
../source/router_eligible_device_app.c:948:20:APP_SendDataSinkCommand	32	static
../source/router_eligible_device_app.c:999:13:APP_SendDataSinkRelease	24	static
../source/router_eligible_device_app.c:861:13:APP_CoapGenericCallback	8	static
../source/router_eligible_device_app.c:1377:13:APP_CoapSinkCb	16	static
../source/router_eligible_device_app.c:1202:13:APP_ProcessLedCmd	24	static
../source/router_eligible_device_app.c:1023:13:APP_SendLedCommand	24	static
../source/router_eligible_device_app.c:1131:13:APP_SendLedColorWheel	32	static
../source/router_eligible_device_app.c:1114:13:APP_SendLedFlash	16	static
../source/router_eligible_device_app.c:1097:13:APP_SendLedRgbOff	40	static
../source/router_eligible_device_app.c:1172:13:APP_CoapLedCb	16	static
../source/router_eligible_device_app.c:1066:13:APP_SendLedRgbOn	56	static
../source/router_eligible_device_app.c:899:13:APP_ReportTemp	24	static
../source/router_eligible_device_app.c:977:13:APP_SendDataSinkCreate	16	static
../source/router_eligible_device_app.c:515:13:APP_InitCoapDemo	80	static
../source/router_eligible_device_app.c:1306:13:APP_CoapTempCb	88	static
../source/router_eligible_device_app.c:206:6:APP_Init	16	static
../source/router_eligible_device_app.c:269:6:APP_Handler	8	static
../source/router_eligible_device_app.c:294:6:APP_NwkScanHandler	16	static
../source/router_eligible_device_app.c:320:6:Stack_to_APP_Handler	16	static
../source/router_eligible_device_app.c:428:6:APP_Commissioning_Handler	72	static
../source/router_eligible_device_app.c:499:6:App_RestoreLeaderLedCb	8	static
