19:40:23 **** Incremental Build of configuration Debug for project frdmkw41z_wireless_examples_thread_router_eligible_device_freertos ****
make -r -j8 all 
make[1]: Nothing to be done for 'main-build'.
Performing post-build steps
arm-none-eabi-size "frdmkw41z_wireless_examples_thread_router_eligible_device_freertos.axf"; # arm-none-eabi-objcopy -v -O binary "frdmkw41z_wireless_examples_thread_router_eligible_device_freertos.axf" "frdmkw41z_wireless_examples_thread_router_eligible_device_freertos.bin" ; # checksum -p MKW41Z512xxx4 -d "frdmkw41z_wireless_examples_thread_router_eligible_device_freertos.bin";
   text	   data	    bss	    dec	    hex	filename
 356468	  69319	  57856	 483643	  7613b	frdmkw41z_wireless_examples_thread_router_eligible_device_freertos.axf
 

19:40:24 Build Finished. 0 errors, 0 warnings. (took 765ms)

