../source/router_eligible_device_app.c:1452:6:counter_increase	0	static
../source/router_eligible_device_app.c:568:13:APP_ThrNwkJoin	8	static
../source/router_eligible_device_app.c:840:13:APP_JoinEventsHandler	8	static
../source/router_eligible_device_app.c:586:13:App_JoinTimerCallback	8	static
../source/router_eligible_device_app.c:721:13:APP_AppModeHandleKeyboard	8	static
../source/router_eligible_device_app.c:816:13:App_UpdateStateLeds	8	static
../source/router_eligible_device_app.c:607:13:APP_ConfigModeSwShortPressHandler	8	static
../source/router_eligible_device_app.c:678:13:APP_ConfigModeHandleKeyboard	8	static
../source/router_eligible_device_app.c:790:13:App_HandleKeyboard	8	static
../source/router_eligible_device_app.c:1443:13:App_RestoreLeaderLed	8	static
../source/router_eligible_device_app.c:1176:13:APP_LocalDataSinkRelease	24	static
../source/router_eligible_device_app.c:975:20:APP_SendDataSinkCommand	32	static
../source/router_eligible_device_app.c:1026:13:APP_SendDataSinkRelease	24	static
../source/router_eligible_device_app.c:888:13:APP_CoapGenericCallback	8	static
../source/router_eligible_device_app.c:1404:13:APP_CoapSinkCb	16	static
../source/router_eligible_device_app.c:1229:13:APP_ProcessLedCmd	24	static
../source/router_eligible_device_app.c:1050:13:APP_SendLedCommand	24	static
../source/router_eligible_device_app.c:1158:13:APP_SendLedColorWheel	32	static
../source/router_eligible_device_app.c:1141:13:APP_SendLedFlash	16	static
../source/router_eligible_device_app.c:1124:13:APP_SendLedRgbOff	40	static
../source/router_eligible_device_app.c:1199:13:APP_CoapLedCb	16	static
../source/router_eligible_device_app.c:1093:13:APP_SendLedRgbOn	56	static
../source/router_eligible_device_app.c:926:13:APP_ReportTemp	24	static
../source/router_eligible_device_app.c:1004:13:APP_SendDataSinkCreate	16	static
../source/router_eligible_device_app.c:538:13:APP_InitCoapDemo	104	static
../source/router_eligible_device_app.c:1333:13:APP_CoapTempCb	88	static
../source/router_eligible_device_app.c:1806:13:APP_CoapResource2Cb	16	static
../source/router_eligible_device_app.c:1745:13:APP_CoapResource1Cb	32	static
../source/router_eligible_device_app.c:291:6:APP_Handler	8	static
../source/router_eligible_device_app.c:316:6:APP_NwkScanHandler	16	static
../source/router_eligible_device_app.c:342:6:Stack_to_APP_Handler	16	static
../source/router_eligible_device_app.c:450:6:APP_Commissioning_Handler	72	static
../source/router_eligible_device_app.c:522:6:App_RestoreLeaderLedCb	8	static
../source/router_eligible_device_app.c:1474:7:App_GetTimeDataString	40	static
../source/router_eligible_device_app.c:1506:13:APP_CoapTeam1	64	static
../source/router_eligible_device_app.c:1568:7:App_GetaccelDataString	48	static
../source/router_eligible_device_app.c:1631:13:APP_CoapAccel	16	static
../source/router_eligible_device_app.c:1669:6:HW_i2cInit_accel	72	static
../source/router_eligible_device_app.c:225:6:APP_Init	16	static
