../source/router_eligible_device_app.c:1438:6:counter_increase	0	static
../source/router_eligible_device_app.c:554:13:APP_ThrNwkJoin	8	static
../source/router_eligible_device_app.c:826:13:APP_JoinEventsHandler	8	static
../source/router_eligible_device_app.c:572:13:App_JoinTimerCallback	8	static
../source/router_eligible_device_app.c:707:13:APP_AppModeHandleKeyboard	8	static
../source/router_eligible_device_app.c:802:13:App_UpdateStateLeds	8	static
../source/router_eligible_device_app.c:593:13:APP_ConfigModeSwShortPressHandler	8	static
../source/router_eligible_device_app.c:664:13:APP_ConfigModeHandleKeyboard	8	static
../source/router_eligible_device_app.c:776:13:App_HandleKeyboard	8	static
../source/router_eligible_device_app.c:1429:13:App_RestoreLeaderLed	8	static
../source/router_eligible_device_app.c:1162:13:APP_LocalDataSinkRelease	24	static
../source/router_eligible_device_app.c:961:20:APP_SendDataSinkCommand	32	static
../source/router_eligible_device_app.c:1012:13:APP_SendDataSinkRelease	24	static
../source/router_eligible_device_app.c:874:13:APP_CoapGenericCallback	8	static
../source/router_eligible_device_app.c:1390:13:APP_CoapSinkCb	16	static
../source/router_eligible_device_app.c:1215:13:APP_ProcessLedCmd	24	static
../source/router_eligible_device_app.c:1036:13:APP_SendLedCommand	24	static
../source/router_eligible_device_app.c:1144:13:APP_SendLedColorWheel	32	static
../source/router_eligible_device_app.c:1127:13:APP_SendLedFlash	16	static
../source/router_eligible_device_app.c:1110:13:APP_SendLedRgbOff	40	static
../source/router_eligible_device_app.c:1185:13:APP_CoapLedCb	16	static
../source/router_eligible_device_app.c:1079:13:APP_SendLedRgbOn	56	static
../source/router_eligible_device_app.c:912:13:APP_ReportTemp	24	static
../source/router_eligible_device_app.c:990:13:APP_SendDataSinkCreate	16	static
../source/router_eligible_device_app.c:525:13:APP_InitCoapDemo	104	static
../source/router_eligible_device_app.c:1319:13:APP_CoapTempCb	88	static
../source/router_eligible_device_app.c:1614:13:APP_CoapResource2Cb	16	static
../source/router_eligible_device_app.c:1553:13:APP_CoapResource1Cb	32	static
../source/router_eligible_device_app.c:215:6:APP_Init	16	static
../source/router_eligible_device_app.c:278:6:APP_Handler	8	static
../source/router_eligible_device_app.c:303:6:APP_NwkScanHandler	16	static
../source/router_eligible_device_app.c:329:6:Stack_to_APP_Handler	16	static
../source/router_eligible_device_app.c:437:6:APP_Commissioning_Handler	72	static
../source/router_eligible_device_app.c:509:6:App_RestoreLeaderLedCb	8	static
../source/router_eligible_device_app.c:1460:7:App_GetTimeDataString	40	static
../source/router_eligible_device_app.c:1492:13:APP_CoapTeam1	64	static
